\set ECHO none
1..69
ok 1 - Type span should exist
ok 2 - spans should be NULLable
ok 3 - "docid:10-20" is a valid span
ok 4 - "abcdefghijklmnopqabcdefghijklmnopqabcde:10-20000" is a valid span
ok 5 - "ab4.ed:10-20" is a valid span
ok 6 - "abc" is not a valid span
ok 7 - "abc:1" is not a valid span
ok 8 - "abc:1:2" is not a valid span
ok 9 - "abc:2-1" is not a valid span
ok 10 - "abcdefghijklmnopqabcdefghijklmnopqabcdef:10-20000" is not a valid span
ok 11 - ":2-1" is not a valid span
ok 12 - span_cmp(abc:1-2, abc:1-2) should = 0
ok 13 - abc:1-2 should = abc:1-2
ok 14 - abc:1-2 should be <= abc:1-2
ok 15 - abc:1-2 should be >= abc:1-2
ok 16 - span_cmp(abc:10-20, abc:10-20) should = 0
ok 17 - abc:10-20 should = abc:10-20
ok 18 - abc:10-20 should be <= abc:10-20
ok 19 - abc:10-20 should be >= abc:10-20
ok 20 - span(abc:1-2, abc:10-20) should <> 0
ok 21 - abc:1-2 should not equal abc:10-20
ok 22 - span(abc:1-2, def:1-2) should <> 0
ok 23 - abc:1-2 should not equal def:1-2
ok 24 - span(abc:1-10, abc:5-10) should <> 0
ok 25 - abc:1-10 should not equal abc:5-10
ok 26 - span(abc:5-10, abc:3-7) should > 0
ok 27 - span(abc:3-7, abc:5-10) should < 0
ok 28 - abc:5-10 should be > abc:3-7
ok 29 - abc:5-10 should be >= abc:3-7
ok 30 - abc:3-7 should be < abc:5-10
ok 31 - abc:3-7 should be <= abc:5-10
ok 32 - span(abc:5-10, abc:1-20) should > 0
ok 33 - span(abc:1-20, abc:5-10) should < 0
ok 34 - abc:5-10 should be > abc:1-20
ok 35 - abc:5-10 should be >= abc:1-20
ok 36 - abc:1-20 should be < abc:5-10
ok 37 - abc:1-20 should be <= abc:5-10
ok 38 - span(def:1-10, abc:3-7) should > 0
ok 39 - span(abc:3-7, def:1-10) should < 0
ok 40 - def:1-10 should be > abc:3-7
ok 41 - def:1-10 should be >= abc:3-7
ok 42 - abc:3-7 should be < def:1-10
ok 43 - abc:3-7 should be <= def:1-10
ok 44 - max(span) should work
ok 45 - min(span) should work
ok 46 - ORDER BY span USING < should work
ok 47 - ORDER BY span USING > should work
ok 48 - construct to text
ok 49 - construct from text
ok 50 - cast to text
ok 51 - cast from text
ok 52 - Function is_span() should exist
ok 53 - Function is_span(text) should exist
ok 54 - Function is_span() should return boolean
ok 55 - is_span(abc:1-10) should return true
ok 56 - is_span(abc:1) should return false
ok 57 - is_span(abc:10-1) should return false
ok 58 - Function get_span_doc() should exist
ok 59 - span
ok 60 - Function get_span_doc() should return text
ok 61 - doc check
ok 62 - Function get_span_begin() should exist
ok 63 - span
ok 64 - Function get_span_begin() should return integer
ok 65 - begin check
ok 66 - Function get_span_end() should exist
ok 67 - span
ok 68 - Function get_span_end() should return integer
ok 69 - end check
